// Jest Snapshot v1, https://goo.gl/fbAQLP

exports[`should render Header correctly 1`] = `
<header
  className="header"
>
  <div
    className="content-container header-list"
  >
    <div
      className="header-main"
    >
      <h1
        className="header-title"
      >
        Community Cookbook
      </h1>
      <h3
        className="header-subtitle"
      >
        A place for sharing
      </h3>
    </div>
    <div
      className="header-log"
    >
      <Connect(LoginModal)
        handleCloseModal={[Function]}
        modalOpen={false}
      />
      <button
        className="button header-button header-button__login"
        onClick={[Function]}
      >
        Login
      </button>
    </div>
  </div>
</header>
`;
