// Jest Snapshot v1, https://goo.gl/fbAQLP

exports[`should render RecipeList with empty message 1`] = `
<div
  className="content-container"
>
  <div
    className="list-header"
  >
    <div
      className="show-for-mobile"
    >
      Recipes
    </div>
    <div
      className="show-for-larger"
    >
      Recipe
    </div>
    <div
      className="show-for-larger"
    >
      Cooking Time
    </div>
  </div>
  <div
    className="list-body"
  >
    <div
      className="list-item list-item--message"
    >
      <span>
        No recipes found
      </span>
    </div>
  </div>
</div>
`;

exports[`should render RecipeList with recipes 1`] = `
<div
  className="content-container"
>
  <div
    className="list-header"
  >
    <div
      className="show-for-mobile"
    >
      Recipes
    </div>
    <div
      className="show-for-larger"
    >
      Recipe
    </div>
    <div
      className="show-for-larger"
    >
      Cooking Time
    </div>
  </div>
  <div
    className="list-body"
  >
    <RecipeListItem
      category="Chicken"
      cookTime={45}
      createdAt={0}
      feeds={4}
      id="0"
      ingredients={
        Array [
          "chicken",
          "spices",
        ]
      }
      instructions="Place into over at 350F"
      key="0"
      name="Baked Chicken"
    />
    <RecipeListItem
      category="Beef"
      cookTime={30}
      createdAt={-345600000}
      feeds={2}
      id="1"
      ingredients={
        Array [
          "steak",
          "pepper",
        ]
      }
      instructions="Use a grill"
      key="1"
      name="Steak"
    />
    <RecipeListItem
      category="Chicken"
      cookTime={60}
      createdAt={345600000}
      feeds={4}
      id="2"
      ingredients={
        Array [
          "chicken",
          "bread",
        ]
      }
      instructions="Deep fry chicken"
      key="2"
      name="Chicken Sandwich"
    />
  </div>
</div>
`;
